[INFO] Scanning for projects...
[INFO] 
[INFO] --------------------< com.meson:meson-lms-backend >---------------------
[INFO] Building meson-lms-backend 0.0.1-SNAPSHOT
[INFO]   from pom.xml
[INFO] --------------------------------[ jar ]---------------------------------
[INFO] 
[INFO] >>> spring-boot:3.4.2:run (default-cli) > test-compile @ meson-lms-backend >>>
[INFO] 
[INFO] --- resources:3.3.1:resources (default-resources) @ meson-lms-backend ---
[INFO] Copying 2 resources from src\main\resources to target\classes
[INFO] Copying 46 resources from src\main\resources to target\classes
[INFO] 
[INFO] --- compiler:3.13.0:compile (default-compile) @ meson-lms-backend ---
[INFO] Recompiling the module because of changed source code.
[INFO] Compiling 258 source files with javac [debug parameters release 21] to target\classes
[INFO] 
[INFO] --- resources:3.3.1:testResources (default-testResources) @ meson-lms-backend ---
[INFO] Copying 1 resource from src\test\resources to target\test-classes
[INFO] 
[INFO] --- compiler:3.13.0:testCompile (default-testCompile) @ meson-lms-backend ---
[INFO] Recompiling the module because of changed dependency.
[INFO] Compiling 9 source files with javac [debug parameters release 21] to target\test-classes
[INFO] 
[INFO] <<< spring-boot:3.4.2:run (default-cli) < test-compile @ meson-lms-backend <<<
[INFO] 
[INFO] 
[INFO] --- spring-boot:3.4.2:run (default-cli) @ meson-lms-backend ---
[INFO] Attaching agents: []

  .   ____          _            __ _ _
 /\\ / ___'_ __ _ _(_)_ __  __ _ \ \ \ \
( ( )\___ | '_ | '_| | '_ \/ _` | \ \ \ \
 \\/  ___)| |_)| | | | | || (_| |  ) ) ) )
  '  |____| .__|_| |_|_| |_\__, | / / / /
 =========|_|==============|___/=/_/_/_/

 :: Spring Boot ::                (v3.4.2)

2026-06-15T19:27:05.223+02:00  INFO 19756 --- [meson-lms-backend] [           main] com.meson.MesonLmsApplication            : Starting MesonLmsApplication using Java 21.0.10 with PID 19756 (C:\Users\1\Desktop\meson-lms\backend\target\classes started by 1 in C:\Users\1\Desktop\meson-lms\backend)
2026-06-15T19:27:05.230+02:00  INFO 19756 --- [meson-lms-backend] [           main] com.meson.MesonLmsApplication            : No active profile set, falling back to 1 default profile: "default"
2026-06-15T19:27:05.914+02:00  INFO 19756 --- [meson-lms-backend] [           main] .s.d.r.c.RepositoryConfigurationDelegate : Bootstrapping Spring Data JPA repositories in DEFAULT mode.
2026-06-15T19:27:06.011+02:00  INFO 19756 --- [meson-lms-backend] [           main] .s.d.r.c.RepositoryConfigurationDelegate : Finished Spring Data repository scanning in 89 ms. Found 32 JPA repository interfaces.
2026-06-15T19:27:06.421+02:00  INFO 19756 --- [meson-lms-backend] [           main] o.s.b.w.embedded.tomcat.TomcatWebServer  : Tomcat initialized with port 8080 (http)
2026-06-15T19:27:06.437+02:00  INFO 19756 --- [meson-lms-backend] [           main] o.apache.catalina.core.StandardService   : Starting service [Tomcat]
2026-06-15T19:27:06.437+02:00  INFO 19756 --- [meson-lms-backend] [           main] o.apache.catalina.core.StandardEngine    : Starting Servlet engine: [Apache Tomcat/10.1.34]
2026-06-15T19:27:06.474+02:00  INFO 19756 --- [meson-lms-backend] [           main] o.a.c.c.C.[Tomcat].[localhost].[/]       : Initializing Spring embedded WebApplicationContext
2026-06-15T19:27:06.474+02:00  INFO 19756 --- [meson-lms-backend] [           main] w.s.c.ServletWebServerApplicationContext : Root WebApplicationContext: initialization completed in 1217 ms
2026-06-15T19:27:06.613+02:00  INFO 19756 --- [meson-lms-backend] [           main] com.zaxxer.hikari.HikariDataSource       : HikariPool-1 - Starting...
2026-06-15T19:27:06.713+02:00  INFO 19756 --- [meson-lms-backend] [           main] com.zaxxer.hikari.pool.HikariPool        : HikariPool-1 - Added connection com.mysql.cj.jdbc.ConnectionImpl@68fc9167
2026-06-15T19:27:06.713+02:00  INFO 19756 --- [meson-lms-backend] [           main] com.zaxxer.hikari.HikariDataSource       : HikariPool-1 - Start completed.
2026-06-15T19:27:06.741+02:00  INFO 19756 --- [meson-lms-backend] [           main] org.flywaydb.core.FlywayExecutor         : Database: jdbc:mysql://localhost:3306/meson_lms?useUnicode=true&characterEncoding=UTF-8&serverTimezone=UTC&useSSL=false&allowPublicKeyRetrieval=true (MySQL 9.7)
2026-06-15T19:27:06.756+02:00  WARN 19756 --- [meson-lms-backend] [           main] o.f.c.internal.database.base.Database    : Flyway upgrade recommended: MySQL 9.7 is newer than this version of Flyway and support has not been tested. The latest supported version of MySQL is 8.1.
2026-06-15T19:27:06.828+02:00  INFO 19756 --- [meson-lms-backend] [           main] o.f.core.internal.command.DbMigrate      : Current version of schema `meson_lms`: 45
2026-06-15T19:27:06.828+02:00  INFO 19756 --- [meson-lms-backend] [           main] o.f.core.internal.command.DbMigrate      : Schema `meson_lms` is up to date. No migration necessary.
2026-06-15T19:27:06.886+02:00  INFO 19756 --- [meson-lms-backend] [           main] o.hibernate.jpa.internal.util.LogHelper  : HHH000204: Processing PersistenceUnitInfo [name: default]
2026-06-15T19:27:06.913+02:00  INFO 19756 --- [meson-lms-backend] [           main] org.hibernate.Version                    : HHH000412: Hibernate ORM core version 6.6.5.Final
2026-06-15T19:27:06.930+02:00  INFO 19756 --- [meson-lms-backend] [           main] o.h.c.internal.RegionFactoryInitiator    : HHH000026: Second-level cache disabled
2026-06-15T19:27:07.084+02:00  INFO 19756 --- [meson-lms-backend] [           main] o.s.o.j.p.SpringPersistenceUnitInfo      : No LoadTimeWeaver setup: ignoring JPA class transformer
2026-06-15T19:27:07.125+02:00  WARN 19756 --- [meson-lms-backend] [           main] org.hibernate.orm.deprecation            : HHH90000025: MySQL8Dialect does not need to be specified explicitly using 'hibernate.dialect' (remove the property setting and it will be selected by default)
2026-06-15T19:27:07.125+02:00  WARN 19756 --- [meson-lms-backend] [           main] org.hibernate.orm.deprecation            : HHH90000026: MySQL8Dialect has been deprecated; use org.hibernate.dialect.MySQLDialect instead
2026-06-15T19:27:07.141+02:00  INFO 19756 --- [meson-lms-backend] [           main] org.hibernate.orm.connections.pooling    : HHH10001005: Database info:
	Database JDBC URL [Connecting through datasource 'HikariDataSource (HikariPool-1)']
	Database driver: undefined/unknown
	Database version: 8.0
	Autocommit mode: undefined/unknown
	Isolation level: undefined/unknown
	Minimum pool size: undefined/unknown
	Maximum pool size: undefined/unknown
2026-06-15T19:27:08.073+02:00  INFO 19756 --- [meson-lms-backend] [           main] o.h.e.t.j.p.i.JtaPlatformInitiator       : HHH000489: No JTA platform available (set 'hibernate.transaction.jta.platform' to enable JTA platform integration)
2026-06-15T19:27:08.073+02:00  INFO 19756 --- [meson-lms-backend] [           main] j.LocalContainerEntityManagerFactoryBean : Initialized JPA EntityManagerFactory for persistence unit 'default'
2026-06-15T19:27:08.247+02:00  INFO 19756 --- [meson-lms-backend] [           main] o.s.d.j.r.query.QueryEnhancerFactory     : Hibernate is in classpath; If applicable, HQL parser will be used.
2026-06-15T19:27:10.829+02:00  WARN 19756 --- [meson-lms-backend] [           main] JpaBaseConfiguration$JpaWebConfiguration : spring.jpa.open-in-view is enabled by default. Therefore, database queries may be performed during view rendering. Explicitly configure spring.jpa.open-in-view to disable this warning
2026-06-15T19:27:10.829+02:00  WARN 19756 --- [meson-lms-backend] [           main] .s.s.UserDetailsServiceAutoConfiguration : 

Using generated security password: f528f762-b075-4cac-b7bc-6d19752f0f79

This generated password is for development use only. Your security configuration must be updated before running your application in production.

2026-06-15T19:27:10.845+02:00  INFO 19756 --- [meson-lms-backend] [           main] r$InitializeUserDetailsManagerConfigurer : Global AuthenticationManager configured with UserDetailsService bean with name inMemoryUserDetailsManager
2026-06-15T19:27:11.294+02:00  INFO 19756 --- [meson-lms-backend] [           main] o.s.b.w.embedded.tomcat.TomcatWebServer  : Tomcat started on port 8080 (http) with context path '/'
2026-06-15T19:27:11.309+02:00  INFO 19756 --- [meson-lms-backend] [           main] com.meson.MesonLmsApplication            : Started MesonLmsApplication in 6.332 seconds (process running for 6.529)
[INFO] ------------------------------------------------------------------------
[INFO] BUILD FAILURE
[INFO] ------------------------------------------------------------------------
[INFO] Total time:  14.751 s
[INFO] Finished at: 2026-06-15T19:27:12+02:00
[INFO] ------------------------------------------------------------------------
[ERROR] Failed to execute goal org.springframework.boot:spring-boot-maven-plugin:3.4.2:run (default-cli) on project meson-lms-backend: Process terminated with exit code: -1 -> [Help 1]
[ERROR] 
[ERROR] To see the full stack trace of the errors, re-run Maven with the -e switch.
[ERROR] Re-run Maven using the -X switch to enable full debug logging.
[ERROR] 
[ERROR] For more information about the errors and possible solutions, please read the following articles:
[ERROR] [Help 1] http://cwiki.apache.org/confluence/display/MAVEN/MojoExecutionException
